
[1m[46m RUN [49m[22m [36mv4.1.2 [39m[90mC:/Users/jenil/.gemini/antigravity/scratch/medibridge-ai[39m

 [32mΓ£ô[39m src/tests/utils.test.js [2m([22m[2m7 tests[22m[2m)[22m[32m 6[2mms[22m[39m
 [31mΓ¥»[39m src/tests/App.test.jsx [2m([22m[2m4 tests[22m[2m | [22m[31m1 failed[39m[2m)[22m[33m 1286[2mms[22m[39m
     [32mΓ£ô[39m renders strictly complete semantic tree and ARIA labels[32m 161[2mms[22m[39m
     [32mΓ£ô[39m handles Input Validation edge cases restricting invalid formats natively[32m 41[2mms[22m[39m
[31m     [31m├ù[31m handles AI output format validation properly intercepting nested Action Plans[39m[33m 1038[2mms[22m[39m
     [32mΓ£ô[39m handles robust Error Handling paths gracefully on system crash[32m 43[2mms[22m[39m

[2m Test Files [22m [1m[31m1 failed[39m[22m[2m | [22m[1m[32m1 passed[39m[22m[90m (2)[39m
[2m      Tests [22m [1m[31m1 failed[39m[22m[2m | [22m[1m[32m10 passed[39m[22m[90m (11)[39m
[2m   Start at [22m 13:52:12
[2m   Duration [22m 2.98s[2m (transform 155ms, setup 260ms, import 336ms, tests 1.29s, environment 2.12s)[22m

